
M-20 simulator V4.0-0 Beta        git commit id: c317f685
Debug output to "is2_test_0019_debug.txt"
LPT: creating new file
100:	0 50 0013 7000 7767
101:	0 70 7500 0000 0000
102:	0 16 0103 7501 7610
103:	0 52 0020 0034 0040
104:	0 52 0060 0000 0003
105:	0 50 2100 0000 0030
106:	0 70 0020 0000 0000
107:	0 50 2100 0000 0042
110:	0 70 0040 0000 0000
111:	0 50 2100 0000 0070
112:	0 70 0060 0000 0000
113:	0 77 0000 0000 0000
114:	7 77 7777 7777 7777
115:	0 00 0000 0000 0000
116:	0 00 0000 0000 0000
117:	0 00 0000 0000 0000
120:	0 00 0000 0000 0000
121:	0 00 0000 0000 0000
122:	0 00 0000 0000 0000
123:	0 00 0000 0000 0000
124:	0 00 0000 0000 0000
125:	0 00 0000 0000 0000
126:	0 00 0000 0000 0000
127:	0 00 0000 0000 0000

100:	[op=50 mod=0] ввод_пред_050                  0013, 7000, 7767
101:	[op=70 mod=0] ввод_исп_070                   7500, 0000, 0000
102:	[op=16 mod=0] безусл_пер_упр_с_возв          0103, 7501, 7610
103:	[op=52 mod=0] изм_ра_по_адр                  0020, 0034, 0040
104:	[op=52 mod=0] изм_ра_по_адр                  0060, 0000, 0003
105:	[op=50 mod=0] ввод_пред_050                  2100, 0000, 0030
106:	[op=70 mod=0] ввод_исп_070                   0020, 0000, 0000
107:	[op=50 mod=0] ввод_пред_050                  2100, 0000, 0042
110:	[op=70 mod=0] ввод_исп_070                   0040, 0000, 0000
111:	[op=50 mod=0] ввод_пред_050                  2100, 0000, 0070
112:	[op=70 mod=0] ввод_исп_070                   0060, 0000, 0000
113:	[op=77 mod=0] останов_077                    0000, 0000, 0000
114:	[op=77 mod=7] останов_077                    @-1, @-1, @-1
115:	[op=00 mod=0] пересылка                      0000, 0000, 0000
116:	[op=00 mod=0] пересылка                      0000, 0000, 0000
117:	[op=00 mod=0] пересылка                      0000, 0000, 0000
120:	[op=00 mod=0] пересылка                      0000, 0000, 0000
121:	[op=00 mod=0] пересылка                      0000, 0000, 0000
122:	[op=00 mod=0] пересылка                      0000, 0000, 0000
123:	[op=00 mod=0] пересылка                      0000, 0000, 0000
124:	[op=00 mod=0] пересылка                      0000, 0000, 0000
125:	[op=00 mod=0] пересылка                      0000, 0000, 0000
126:	[op=00 mod=0] пересылка                      0000, 0000, 0000
127:	[op=00 mod=0] пересылка                      0000, 0000, 0000

20:	1 01 4000 0000 0000
21:	1 02 4000 0000 0000
22:	1 02 6000 0000 0000
23:	1 03 4000 0000 0000
24:	1 03 5000 0000 0000
25:	1 03 6000 0000 0000

30:	1 04 4400 0000 0000
31:	0 00 0000 0000 0000

Start

*** Command time profile stat ***
opcode=00   count=2          times=48.00            avg_time=24.00             (пересылка)
opcode=05   count=9          times=625.50           avg_time=69.50             (умнож_он)
opcode=13   count=32         times=768.00           avg_time=24.00             (слож_команд)
opcode=14   count=112        times=8940.00          avg_time=79.82             (сдвиг_мант_по_адр)
opcode=15   count=4          times=96.00            avg_time=24.00             (сравн)
opcode=16   count=28         times=672.00           avg_time=24.00             (безусл_пер_упр_с_возв)
opcode=25   count=1          times=69.50            avg_time=69.50             (умнож_н)
opcode=32   count=16         times=384.00           avg_time=24.00             (пер_если_ра_не_менш_a1)
opcode=33   count=111        times=2664.00          avg_time=24.00             (вычит_команд)
opcode=34   count=1          times=60.00            avg_time=60.00             (сдвиг_мант_по_прдк)
opcode=36   count=56         times=1344.00          avg_time=24.00             (усл_пер_упр_по_w1)
opcode=41   count=16         times=456.00           avg_time=28.50             (слож_о)
opcode=50   count=6          times=144.00           avg_time=24.00             (ввод_пред_050)
opcode=51   count=2          times=48.00            avg_time=24.00             (пер_если_ра_мнш_a1_и_w0)
opcode=52   count=33         times=940.50           avg_time=28.50             (изм_ра_по_адр)
opcode=53   count=22         times=528.00           avg_time=24.00             (слож_коп)
opcode=54   count=2          times=159.00           avg_time=79.50             (сдвиг_кода_по_адр)
opcode=55   count=33         times=792.00           avg_time=24.00             (лог_умнож)
opcode=56   count=4          times=96.00            avg_time=24.00             (безусл_пер_упр)
opcode=62   count=20         times=570.00           avg_time=28.50             (вычит)
opcode=70   count=6          times=1170144.03       avg_time=195024.01         (ввод_исп_070)
opcode=72   count=16         times=456.00           avg_time=28.50             (изм_ра_по_коду)
opcode=74   count=2          times=84.00            avg_time=42.00             (сдвиг_кода_по_прдк)
opcode=75   count=2          times=48.00            avg_time=24.00             (лог_слож)
opcode=76   count=131        times=3144.00          avg_time=24.00             (усл_пер_упр_по_w0)
opcode=77   count=1          times=24.00            avg_time=24.00             (останов_077)
Summary:  times=1193304.53  count=668  avg_time=1786.38
**********

is2_test_0019.simh-49> run

Останов, KRA: 0113 ([op=77 mod=0] останов_077                    0000, 0000, 0000)
M-20 event queue empty, time = 1193305, executing 50000 instructios/sec
Time:	1193305
30:	1 04 4400 0000 0000
31:	0 00 0000 0000 0000

100:	0 50 0013 7000 7767
101:	0 70 7500 0000 0000
102:	0 16 0103 7477 7610
103:	0 52 0020 0034 0040
104:	0 52 0060 0000 0003
105:	0 50 2100 0000 0030
106:	0 70 0020 0000 0000
107:	0 50 2100 0000 0042
110:	0 70 0040 0000 0000
111:	0 50 2100 0000 0070
112:	0 70 0060 0000 0000
113:	0 77 0000 0000 0000
114:	7 77 7777 7777 7777
115:	0 00 0000 0000 0000
116:	0 00 0000 0000 0000
117:	0 00 0000 0000 0000
120:	0 00 0000 0000 0000
121:	0 00 0000 0000 0000
122:	0 00 0000 0000 0000
123:	0 00 0000 0000 0000
124:	0 00 0000 0000 0000
125:	0 00 0000 0000 0000
126:	0 00 0000 0000 0000
127:	0 00 0000 0000 0000

100:	[op=50 mod=0] ввод_пред_050                  0013, 7000, 7767
101:	[op=70 mod=0] ввод_исп_070                   7500, 0000, 0000
102:	[op=16 mod=0] безусл_пер_упр_с_возв          0103, 7477, 7610
103:	[op=52 mod=0] изм_ра_по_адр                  0020, 0034, 0040
104:	[op=52 mod=0] изм_ра_по_адр                  0060, 0000, 0003
105:	[op=50 mod=0] ввод_пред_050                  2100, 0000, 0030
106:	[op=70 mod=0] ввод_исп_070                   0020, 0000, 0000
107:	[op=50 mod=0] ввод_пред_050                  2100, 0000, 0042
110:	[op=70 mod=0] ввод_исп_070                   0040, 0000, 0000
111:	[op=50 mod=0] ввод_пред_050                  2100, 0000, 0070
112:	[op=70 mod=0] ввод_исп_070                   0060, 0000, 0000
113:	[op=77 mod=0] останов_077                    0000, 0000, 0000
114:	[op=77 mod=7] останов_077                    @-1, @-1, @-1
115:	[op=00 mod=0] пересылка                      0000, 0000, 0000
116:	[op=00 mod=0] пересылка                      0000, 0000, 0000
117:	[op=00 mod=0] пересылка                      0000, 0000, 0000
120:	[op=00 mod=0] пересылка                      0000, 0000, 0000
121:	[op=00 mod=0] пересылка                      0000, 0000, 0000
122:	[op=00 mod=0] пересылка                      0000, 0000, 0000
123:	[op=00 mod=0] пересылка                      0000, 0000, 0000
124:	[op=00 mod=0] пересылка                      0000, 0000, 0000
125:	[op=00 mod=0] пересылка                      0000, 0000, 0000
126:	[op=00 mod=0] пересылка                      0000, 0000, 0000
127:	[op=00 mod=0] пересылка                      0000, 0000, 0000

0:	0 00 0000 0000 0000
1:	0 52 0000 0003 0000
2:	0 00 0000 0003 0003
3:	5 77 7777 0000 7777

20:	1 01 4000 0000 0000
21:	1 02 4000 0000 0000
22:	1 02 6000 0000 0000
23:	1 03 4000 0000 0000
24:	1 03 5000 0000 0000
25:	1 03 6000 0000 0000

Goodbye
Debug output disabled
