
M-20 simulator V4.0-0 Beta        git commit id: c317f685
Debug output to "is2_test_0012_debug.txt"
LPT: creating new file
100:	0 50 0013 7000 7767
101:	0 70 7500 0000 0025
102:	0 16 0103 7501 7610
103:	0 52 0030 0027 0063
104:	0 77 0000 0000 0000
105:	7 77 7777 7777 7777
106:	0 00 0000 0000 0000
107:	0 00 0000 0000 0000
110:	0 00 0000 0000 0000
111:	0 00 0000 0000 0000
112:	0 00 0000 0000 0000
113:	0 00 0000 0000 0000
114:	0 00 0000 0000 0000
115:	0 00 0000 0000 0000
116:	0 00 0000 0000 0000
117:	0 00 0000 0000 0000
120:	0 00 0000 0000 0000
121:	0 00 0000 0000 0000
122:	0 00 0000 0000 0000
123:	0 00 0000 0000 0000
124:	0 00 0000 0000 0000
125:	0 00 0000 0000 0000
126:	0 00 0000 0000 0000
127:	0 00 0000 0000 0000
130:	0 00 0000 0000 0000
131:	0 00 0000 0000 0000
132:	0 00 0000 0000 0000
133:	0 00 0000 0000 0000
134:	0 00 0000 0000 0000
135:	0 00 0000 0000 0000
136:	0 00 0000 0000 0000
137:	0 00 0000 0000 0000

100:	[op=50 mod=0] ввод_пред_050                  0013, 7000, 7767
101:	[op=70 mod=0] ввод_исп_070                   7500, 0000, 0025
102:	[op=16 mod=0] безусл_пер_упр_с_возв          0103, 7501, 7610
103:	[op=52 mod=0] изм_ра_по_адр                  0030, 0027, 0063
104:	[op=77 mod=0] останов_077                    0000, 0000, 0000
105:	[op=77 mod=7] останов_077                    @-1, @-1, @-1
106:	[op=00 mod=0] пересылка                      0000, 0000, 0000
107:	[op=00 mod=0] пересылка                      0000, 0000, 0000
110:	[op=00 mod=0] пересылка                      0000, 0000, 0000
111:	[op=00 mod=0] пересылка                      0000, 0000, 0000
112:	[op=00 mod=0] пересылка                      0000, 0000, 0000
113:	[op=00 mod=0] пересылка                      0000, 0000, 0000
114:	[op=00 mod=0] пересылка                      0000, 0000, 0000
115:	[op=00 mod=0] пересылка                      0000, 0000, 0000
116:	[op=00 mod=0] пересылка                      0000, 0000, 0000
117:	[op=00 mod=0] пересылка                      0000, 0000, 0000
120:	[op=00 mod=0] пересылка                      0000, 0000, 0000
121:	[op=00 mod=0] пересылка                      0000, 0000, 0000
122:	[op=00 mod=0] пересылка                      0000, 0000, 0000
123:	[op=00 mod=0] пересылка                      0000, 0000, 0000
124:	[op=00 mod=0] пересылка                      0000, 0000, 0000
125:	[op=00 mod=0] пересылка                      0000, 0000, 0000
126:	[op=00 mod=0] пересылка                      0000, 0000, 0000
127:	[op=00 mod=0] пересылка                      0000, 0000, 0000
130:	[op=00 mod=0] пересылка                      0000, 0000, 0000
131:	[op=00 mod=0] пересылка                      0000, 0000, 0000
132:	[op=00 mod=0] пересылка                      0000, 0000, 0000
133:	[op=00 mod=0] пересылка                      0000, 0000, 0000
134:	[op=00 mod=0] пересылка                      0000, 0000, 0000
135:	[op=00 mod=0] пересылка                      0000, 0000, 0000
136:	[op=00 mod=0] пересылка                      0000, 0000, 0000
137:	[op=00 mod=0] пересылка                      0000, 0000, 0000

20:	0 00 0000 0000 0000
21:	0 00 0000 0000 0000
22:	0 00 0000 0000 0000
23:	0 00 0000 0000 0000
24:	0 00 0000 0000 0000
25:	0 00 0000 0000 0000
26:	5 33 7736 0762 5717
27:	0 00 0000 0000 0000
30:	1 13 4064 0000 0000
31:	1 06 5000 0000 0000
32:	1 03 4400 0000 0000

35:	0 75 6314 6314 6315
36:	0 70 5075 3412 1727

Start

*** Command time profile stat ***
opcode=00   count=29         times=696.00           avg_time=24.00             (пересылка)
opcode=05   count=136        times=9452.00          avg_time=69.50             (умнож_он)
opcode=06   count=28         times=1722.00          avg_time=61.50             (слож_прдк_с_адр)
opcode=12   count=313        times=7512.00          avg_time=24.00             (пер_если_ра_мнш_a1)
opcode=13   count=309        times=7416.00          avg_time=24.00             (слож_команд)
opcode=14   count=268        times=21324.00         avg_time=79.57             (сдвиг_мант_по_адр)
opcode=15   count=73         times=1752.00          avg_time=24.00             (сравн)
opcode=16   count=20         times=480.00           avg_time=24.00             (безусл_пер_упр_с_возв)
opcode=31   count=62         times=1488.00          avg_time=24.00             (пер_если_ра_не_менш_a1_и_w1)
opcode=32   count=30         times=720.00           avg_time=24.00             (пер_если_ра_не_менш_a1)
opcode=33   count=325        times=7800.00          avg_time=24.00             (вычит_команд)
opcode=34   count=253        times=7620.00          avg_time=30.12             (сдвиг_мант_по_прдк)
opcode=36   count=163        times=3912.00          avg_time=24.00             (усл_пер_упр_по_w1)
opcode=41   count=65         times=1852.50          avg_time=28.50             (слож_о)
opcode=47   count=252        times=6048.00          avg_time=24.00             (вывод_мл_разрядов)
opcode=50   count=18         times=432.00           avg_time=24.00             (ввод_пред_050)
opcode=51   count=48         times=1152.00          avg_time=24.00             (пер_если_ра_мнш_a1_и_w0)
opcode=52   count=156        times=4446.00          avg_time=28.50             (изм_ра_по_адр)
opcode=53   count=50         times=1200.00          avg_time=24.00             (слож_коп)
opcode=54   count=1          times=79.50            avg_time=79.50             (сдвиг_кода_по_адр)
opcode=55   count=142        times=3408.00          avg_time=24.00             (лог_умнож)
opcode=56   count=18         times=432.00           avg_time=24.00             (безусл_пер_упр)
opcode=62   count=50         times=1425.00          avg_time=28.50             (вычит)
opcode=65   count=252        times=17514.00         avg_time=69.50             (умнож)
opcode=70   count=18         times=2720432.04       avg_time=151135.11         (ввод_исп_070)
opcode=72   count=9          times=256.50           avg_time=28.50             (изм_ра_по_коду)
opcode=74   count=2          times=84.00            avg_time=42.00             (сдвиг_кода_по_прдк)
opcode=75   count=28         times=672.00           avg_time=24.00             (лог_слож)
opcode=76   count=374        times=8976.00          avg_time=24.00             (усл_пер_упр_по_w0)
opcode=77   count=1          times=24.00            avg_time=24.00             (останов_077)
Summary:  times=2840327.54  count=3493  avg_time=813.15
**********

is2_test_0012.simh-44> run

Останов, KRA: 0104 ([op=77 mod=0] останов_077                    0000, 0000, 0000)
M-20 event queue empty, time = 2840328, executing 50000 instructios/sec
Time:	2840328
35:	0 75 6314 6314 6315

100:	0 50 0013 7000 7767
101:	0 70 7500 0000 0025
102:	0 16 0103 7477 7610
103:	0 52 0030 0027 0063
104:	0 77 0000 0000 0000
105:	7 77 7777 7777 7777
106:	0 00 0000 0000 0000
107:	0 00 0000 0000 0000
110:	0 00 0000 0000 0000
111:	0 00 0000 0000 0000
112:	0 00 0000 0000 0000
113:	0 00 0000 0000 0000
114:	0 00 0000 0000 0000
115:	0 00 0000 0000 0000
116:	0 00 0000 0000 0000
117:	0 00 0000 0000 0000
120:	0 00 0000 0000 0000
121:	0 00 0000 0000 0000
122:	0 00 0000 0000 0000
123:	0 00 0000 0000 0000
124:	0 00 0000 0000 0000
125:	0 00 0000 0000 0000
126:	0 00 0000 0000 0000
127:	0 00 0000 0000 0000
130:	0 00 0000 0000 0000
131:	0 00 0000 0000 0000
132:	0 00 0000 0000 0000
133:	0 00 0000 0000 0000
134:	0 00 0000 0000 0000
135:	0 00 0000 0000 0000
136:	0 00 0000 0000 0000
137:	0 00 0000 0000 0000

100:	[op=50 mod=0] ввод_пред_050                  0013, 7000, 7767
101:	[op=70 mod=0] ввод_исп_070                   7500, 0000, 0025
102:	[op=16 mod=0] безусл_пер_упр_с_возв          0103, 7477, 7610
103:	[op=52 mod=0] изм_ра_по_адр                  0030, 0027, 0063
104:	[op=77 mod=0] останов_077                    0000, 0000, 0000
105:	[op=77 mod=7] останов_077                    @-1, @-1, @-1
106:	[op=00 mod=0] пересылка                      0000, 0000, 0000
107:	[op=00 mod=0] пересылка                      0000, 0000, 0000
110:	[op=00 mod=0] пересылка                      0000, 0000, 0000
111:	[op=00 mod=0] пересылка                      0000, 0000, 0000
112:	[op=00 mod=0] пересылка                      0000, 0000, 0000
113:	[op=00 mod=0] пересылка                      0000, 0000, 0000
114:	[op=00 mod=0] пересылка                      0000, 0000, 0000
115:	[op=00 mod=0] пересылка                      0000, 0000, 0000
116:	[op=00 mod=0] пересылка                      0000, 0000, 0000
117:	[op=00 mod=0] пересылка                      0000, 0000, 0000
120:	[op=00 mod=0] пересылка                      0000, 0000, 0000
121:	[op=00 mod=0] пересылка                      0000, 0000, 0000
122:	[op=00 mod=0] пересылка                      0000, 0000, 0000
123:	[op=00 mod=0] пересылка                      0000, 0000, 0000
124:	[op=00 mod=0] пересылка                      0000, 0000, 0000
125:	[op=00 mod=0] пересылка                      0000, 0000, 0000
126:	[op=00 mod=0] пересылка                      0000, 0000, 0000
127:	[op=00 mod=0] пересылка                      0000, 0000, 0000
130:	[op=00 mod=0] пересылка                      0000, 0000, 0000
131:	[op=00 mod=0] пересылка                      0000, 0000, 0000
132:	[op=00 mod=0] пересылка                      0000, 0000, 0000
133:	[op=00 mod=0] пересылка                      0000, 0000, 0000
134:	[op=00 mod=0] пересылка                      0000, 0000, 0000
135:	[op=00 mod=0] пересылка                      0000, 0000, 0000
136:	[op=00 mod=0] пересылка                      0000, 0000, 0000
137:	[op=00 mod=0] пересылка                      0000, 0000, 0000

0:	0 00 0000 0000 0000
1:	0 52 0000 0063 0000
2:	3 00 0443 2126 3611
3:	3 04 0443 2000 0000

20:	0 00 0000 0000 0000
21:	0 00 0000 0000 0000
22:	0 00 0000 0000 0000
23:	0 00 0000 0000 0000
24:	0 00 0000 0000 0000
25:	5 33 7736 1054 5717
26:	5 33 7736 0762 5717
27:	0 00 0000 0000 0000
30:	1 13 4064 0000 0000
31:	1 06 5000 0000 0000
32:	1 03 4400 0000 0000

35:	0 75 6314 6314 6315
36:	0 70 5075 3412 1727

Goodbye
Debug output disabled
