
M-20 simulator V4.0-0 Beta        git commit id: c317f685
Debug output to "is2_test_0021_debug.txt"
LPT: creating new file
100:	0 50 0013 7000 7767
101:	0 70 7500 0000 0000
102:	0 50 2100 0000 0210
103:	0 70 0200 0000 0000
104:	0 16 0105 7501 7610
105:	0 52 0200 0037 0003
106:	0 52 0320 0000 0300
107:	0 50 2100 0000 0210
110:	0 70 0200 0000 0000
111:	0 77 0000 0000 0000
112:	7 77 7777 7777 7777
113:	0 00 0000 0000 0000
114:	0 00 0000 0000 0000
115:	0 00 0000 0000 0000
116:	0 00 0000 0000 0000
117:	0 00 0000 0000 0000
120:	0 00 0000 0000 0000
121:	0 00 0000 0000 0000
122:	0 00 0000 0000 0000
123:	0 00 0000 0000 0000
124:	0 00 0000 0000 0000
125:	0 00 0000 0000 0000
126:	0 00 0000 0000 0000
127:	0 00 0000 0000 0000

100:	[op=50 mod=0] ввод_пред_050                  0013, 7000, 7767
101:	[op=70 mod=0] ввод_исп_070                   7500, 0000, 0000
102:	[op=50 mod=0] ввод_пред_050                  2100, 0000, 0210
103:	[op=70 mod=0] ввод_исп_070                   0200, 0000, 0000
104:	[op=16 mod=0] безусл_пер_упр_с_возв          0105, 7501, 7610
105:	[op=52 mod=0] изм_ра_по_адр                  0200, 0037, 0003
106:	[op=52 mod=0] изм_ра_по_адр                  0320, 0000, 0300
107:	[op=50 mod=0] ввод_пред_050                  2100, 0000, 0210
110:	[op=70 mod=0] ввод_исп_070                   0200, 0000, 0000
111:	[op=77 mod=0] останов_077                    0000, 0000, 0000
112:	[op=77 mod=7] останов_077                    @-1, @-1, @-1
113:	[op=00 mod=0] пересылка                      0000, 0000, 0000
114:	[op=00 mod=0] пересылка                      0000, 0000, 0000
115:	[op=00 mod=0] пересылка                      0000, 0000, 0000
116:	[op=00 mod=0] пересылка                      0000, 0000, 0000
117:	[op=00 mod=0] пересылка                      0000, 0000, 0000
120:	[op=00 mod=0] пересылка                      0000, 0000, 0000
121:	[op=00 mod=0] пересылка                      0000, 0000, 0000
122:	[op=00 mod=0] пересылка                      0000, 0000, 0000
123:	[op=00 mod=0] пересылка                      0000, 0000, 0000
124:	[op=00 mod=0] пересылка                      0000, 0000, 0000
125:	[op=00 mod=0] пересылка                      0000, 0000, 0000
126:	[op=00 mod=0] пересылка                      0000, 0000, 0000
127:	[op=00 mod=0] пересылка                      0000, 0000, 0000

20:	0 00 0000 0000 0000
21:	0 00 0000 0000 0000
22:	0 00 0000 0000 0000
23:	0 00 0000 0000 0000
24:	0 00 0000 0000 0000
25:	0 00 0000 0000 0000

30:	0 00 0000 0000 0000
31:	0 00 0000 0000 0000

Start

*** Command time profile stat ***
opcode=00   count=7          times=168.00           avg_time=24.00             (пересылка)
opcode=01   count=18         times=513.00           avg_time=28.50             (слож_он)
opcode=03   count=14         times=399.00           avg_time=28.50             (вычит_мод_он)
opcode=04   count=8          times=1092.00          avg_time=136.50            (делен_о)
opcode=05   count=24         times=1668.00          avg_time=69.50             (умнож_он)
opcode=12   count=66         times=1584.00          avg_time=24.00             (пер_если_ра_мнш_a1)
opcode=13   count=226        times=5424.00          avg_time=24.00             (слож_команд)
opcode=14   count=639        times=50836.50         avg_time=79.56             (сдвиг_мант_по_адр)
opcode=15   count=17         times=408.00           avg_time=24.00             (сравн)
opcode=16   count=29         times=696.00           avg_time=24.00             (безусл_пер_упр_с_возв)
opcode=32   count=9          times=216.00           avg_time=24.00             (пер_если_ра_не_менш_a1)
opcode=33   count=655        times=15720.00         avg_time=24.00             (вычит_команд)
opcode=34   count=1          times=60.00            avg_time=60.00             (сдвиг_мант_по_прдк)
opcode=36   count=312        times=7488.00          avg_time=24.00             (усл_пер_упр_по_w1)
opcode=41   count=138        times=3933.00          avg_time=28.50             (слож_о)
opcode=50   count=4          times=96.00            avg_time=24.00             (ввод_пред_050)
opcode=51   count=2          times=48.00            avg_time=24.00             (пер_если_ра_мнш_a1_и_w0)
opcode=52   count=210        times=5985.00          avg_time=28.50             (изм_ра_по_адр)
opcode=53   count=118        times=2832.00          avg_time=24.00             (слож_коп)
opcode=54   count=1          times=79.50            avg_time=79.50             (сдвиг_кода_по_адр)
opcode=55   count=194        times=4656.00          avg_time=24.00             (лог_умнож)
opcode=56   count=35         times=840.00           avg_time=24.00             (безусл_пер_упр)
opcode=62   count=145        times=4132.50          avg_time=28.50             (вычит)
opcode=65   count=1          times=69.50            avg_time=69.50             (умнож)
opcode=70   count=4          times=570096.05        avg_time=142524.01         (ввод_исп_070)
opcode=72   count=23         times=655.50           avg_time=28.50             (изм_ра_по_коду)
opcode=74   count=2          times=84.00            avg_time=42.00             (сдвиг_кода_по_прдк)
opcode=75   count=19         times=456.00           avg_time=24.00             (лог_слож)
opcode=76   count=837        times=20088.00         avg_time=24.00             (усл_пер_упр_по_w0)
Summary:  times=700323.55  count=3758  avg_time=186.36
**********

is2_test_0021.simh-49> run

Переполнение мантиссы при делении, KRA: 7277 ([op=72 mod=4] изм_ра_по_коду                 @+0000, 7254, 7304)
M-20 event queue empty, time = 700325, executing 50000 instructios/sec
Time:	700325
30:	0 00 0000 0000 0000
31:	0 00 0000 0000 0000

100:	0 50 0013 7000 7767
101:	0 70 7500 0000 0000
102:	0 50 2100 0000 0210
103:	0 70 0200 0000 0000
104:	0 16 0105 7477 7610
105:	0 52 0200 0037 0003
106:	0 52 0320 0000 0300
107:	0 50 2100 0000 0210
110:	0 70 0200 0000 0000
111:	0 77 0000 0000 0000
112:	7 77 7777 7777 7777
113:	0 00 0000 0000 0000
114:	0 00 0000 0000 0000
115:	0 00 0000 0000 0000
116:	0 00 0000 0000 0000
117:	0 00 0000 0000 0000
120:	0 00 0000 0000 0000
121:	0 00 0000 0000 0000
122:	0 00 0000 0000 0000
123:	0 00 0000 0000 0000
124:	0 00 0000 0000 0000
125:	0 00 0000 0000 0000
126:	0 00 0000 0000 0000
127:	0 00 0000 0000 0000

100:	[op=50 mod=0] ввод_пред_050                  0013, 7000, 7767
101:	[op=70 mod=0] ввод_исп_070                   7500, 0000, 0000
102:	[op=50 mod=0] ввод_пред_050                  2100, 0000, 0210
103:	[op=70 mod=0] ввод_исп_070                   0200, 0000, 0000
104:	[op=16 mod=0] безусл_пер_упр_с_возв          0105, 7477, 7610
105:	[op=52 mod=0] изм_ра_по_адр                  0200, 0037, 0003
106:	[op=52 mod=0] изм_ра_по_адр                  0320, 0000, 0300
107:	[op=50 mod=0] ввод_пред_050                  2100, 0000, 0210
110:	[op=70 mod=0] ввод_исп_070                   0200, 0000, 0000
111:	[op=77 mod=0] останов_077                    0000, 0000, 0000
112:	[op=77 mod=7] останов_077                    @-1, @-1, @-1
113:	[op=00 mod=0] пересылка                      0000, 0000, 0000
114:	[op=00 mod=0] пересылка                      0000, 0000, 0000
115:	[op=00 mod=0] пересылка                      0000, 0000, 0000
116:	[op=00 mod=0] пересылка                      0000, 0000, 0000
117:	[op=00 mod=0] пересылка                      0000, 0000, 0000
120:	[op=00 mod=0] пересылка                      0000, 0000, 0000
121:	[op=00 mod=0] пересылка                      0000, 0000, 0000
122:	[op=00 mod=0] пересылка                      0000, 0000, 0000
123:	[op=00 mod=0] пересылка                      0000, 0000, 0000
124:	[op=00 mod=0] пересылка                      0000, 0000, 0000
125:	[op=00 mod=0] пересылка                      0000, 0000, 0000
126:	[op=00 mod=0] пересылка                      0000, 0000, 0000
127:	[op=00 mod=0] пересылка                      0000, 0000, 0000

0:	0 00 0000 0000 0000
1:	0 52 0000 0000 0000
2:	7 00 5777 7777 7776
3:	0 52 0000 0000 0000

20:	0 00 0000 0000 0000
21:	0 00 0000 0000 0000
22:	0 00 0000 0000 0000
23:	0 00 0000 0000 0000
24:	0 00 0000 0000 0000
25:	0 00 0000 0000 0000

7200:	0 16 7201 7602 7554
7201:	0 16 7202 7611 7554
7202:	0 13 7413 0001 7242
7203:	0 13 7414 0001 7271
7204:	0 14 0064 0001 0003
7205:	0 13 7242 0003 7242
7206:	0 13 7415 0003 7247
7207:	0 33 7400 0003 7270
7210:	0 13 7401 0003 7307
7211:	0 14 0114 0001 0003
7212:	0 13 7711 0003 7246
7213:	0 13 7402 0003 7250
7214:	0 13 7270 0003 7270
7215:	0 13 7271 0003 7271
7216:	0 13 7403 0003 7302
7217:	0 13 7404 0003 7340
7220:	0 13 7405 0003 7343
7221:	0 65 7246 7246 7625
7222:	0 14 0114 7625 7625
7223:	0 13 7247 7625 7247
7224:	0 33 7247 0003 7247
7225:	0 13 7406 7625 7263
7226:	0 13 7307 7625 7307
7227:	0 33 7307 0003 7307
7230:	0 14 0064 0002 0001
7231:	0 13 7407 0001 7267
7232:	0 13 7410 0001 7305
7233:	0 13 7411 0001 7311
7234:	0 13 7412 0001 7334
7235:	0 72 0000 7521 0000
7236:	0 14 0114 0002 7625
7237:	0 56 0002 7350 7254
7240:	2 05 0002 0000 0001
7241:	3 01 0001 0000 0000
7242:	7 51 0000 0003 0003
7243:	7 01 4000 0000 0000
7244:	5 23 0000 0000 0000
7245:	1 75 0001 0000 0000
7246:	1 00 0003 0000 0000
7247:	1 12 0206 0300 0003
7250:	1 12 0202 0300 0001
7251:	0 04 0001 7246 7625
7252:	1 04 0001 7335 0000
7253:	0 14 0114 0000 7625
7254:	0 52 0000 0200 0000
7255:	4 55 0000 7714 0000
7256:	0 76 7250 7263 7335
7257:	2 03 7625 0000 0000
7260:	0 76 7241 7263 7301
7261:	4 15 0000 7712 7625
7262:	6 52 7600 0000 7310
7263:	1 12 0210 7255 0001
7264:	0 15 7241 7301 7306
7265:	0 76 7251 7314 7331
7266:	0 72 0000 7310 0000
7267:	1 75 0000 0000 0200
7270:	1 32 0003 7270 7775
7271:	6 52 0003 0003 0001
7272:	0 33 7310 0001 0001
7273:	1 14 0114 0321 0000
7274:	0 14 0064 0001 0003
7275:	0 13 7240 0001 7300
7276:	4 04 0200 7625 0002
7277:	4 72 0000 7254 7304
7300:	2 05 0002 0000 0001
7301:	3 01 0001 0000 0000
7302:	1 12 0202 7300 0001
7303:	0 13 7301 7242 7301
7304:	0 52 0000 0000 0000
7305:	1 75 0002 7714 0200
7306:	0 00 0000 0000 0000
7307:	1 12 0006 7276 0003
7310:	0 52 0000 0000 0000
7311:	1 75 7243 0000 0200
7312:	0 13 7245 0003 7301
7313:	0 16 7253 7276 7306
7314:	0 72 0000 7250 0002
7315:	0 53 7721 7242 0001
7316:	4 72 0001 7625 7324
7317:	6 52 0000 0320 7337
7320:	0 55 0000 7732 7304
7321:	4 13 7304 0002 7304
7322:	4 55 0000 7744 0003
7323:	1 56 7304 7324 0000
7324:	0 00 0000 0000 0000
7325:	0 36 7625 7333 0002
7326:	0 13 0001 0003 7304
7327:	1 07 7304 7244 7777
7330:	0 14 0050 0003 0001
7331:	0 04 0001 7246 7625
7332:	0 56 0000 7316 0000
7333:	1 07 7252 0001 7777
7334:	4 32 0000 0300 0200
7335:	1 12 0202 0300 0001
7336:	0 13 7625 7722 7625
7337:	0 00 0000 0000 0000
7340:	1 12 0002 7634 0000
7341:	2 14 0114 0000 0001
7342:	1 53 0001 7254 0000
7343:	1 12 0322 7341 0001
7344:	0 13 7253 7722 7331
7345:	0 15 7335 7250 7625
7346:	0 36 7247 7314 7335
7347:	0 16 7610 7600 7601
7350:	0 16 7351 7602 7554
7351:	0 16 7352 7611 7554
7352:	0 13 0001 7625 0003
7353:	0 13 7247 0003 7247
7354:	0 13 7250 0003 7250
7355:	0 33 7416 7625 7262
7356:	0 13 7263 7625 7263
7357:	0 13 7375 7625 7276
7360:	0 13 7302 7625 7302
7361:	0 13 7334 0001 7334
7362:	0 13 7376 0002 7317
7363:	0 14 0114 0002 0003
7364:	0 13 7343 0003 7343
7365:	0 14 0064 0002 0003
7366:	0 13 7377 0002 7273
7367:	0 13 7340 0002 7340
7370:	0 13 7263 7417 7373
7371:	0 72 0000 7254 0000
7372:	5 55 0000 7420 0000
7373:	1 12 0210 7372 0001
7374:	0 56 0000 7253 0000
7375:	4 04 0000 7625 0002
7376:	6 52 0000 0000 7337
7377:	1 14 0114 0001 0000
7400:	1 32 0000 7271 0000
7401:	1 12 0000 7276 0000
7402:	1 12 7777 0000 0001
7403:	1 12 7777 7300 0001
7404:	1 12 7777 7314 0000
7405:	1 12 7777 7341 0001
7406:	1 12 7777 7255 0001
7407:	1 75 0000 0000 0000
7410:	1 75 0002 7714 0000
7411:	1 75 7243 0000 0000
7412:	4 32 0000 0000 0000
7413:	7 51 0000 0000 0000
7414:	6 52 0000 0000 0001
7415:	1 12 0000 0000 0000
7416:	6 52 0000 0000 7310
7417:	0 00 0000 0115 0000
7420:	3 77 7777 7777 7777

Goodbye
Debug output disabled
