
M-20 simulator V4.0-0 Beta        git commit id: c317f685
Debug output to "is2_test_0010_debug.txt"
LPT: creating new file
100:	0 50 0013 7000 7767
101:	0 70 7500 0000 0035
102:	0 50 2100 0000 0033
103:	0 70 0020 0000 0000
104:	0 16 0105 7501 7610
105:	0 52 0020 0042 0033
106:	0 50 2100 0000 0033
107:	0 70 0020 0000 0000
110:	0 77 0000 0000 0000
111:	7 77 7777 7777 7777
112:	0 00 0000 0000 0000
113:	0 00 0000 0000 0000
114:	0 00 0000 0000 0000
115:	0 00 0000 0000 0000
116:	0 00 0000 0000 0000
117:	0 00 0000 0000 0000
120:	0 00 0000 0000 0000
121:	0 00 0000 0000 0000
122:	0 00 0000 0000 0000
123:	0 00 0000 0000 0000
124:	0 00 0000 0000 0000
125:	0 00 0000 0000 0000
126:	0 00 0000 0000 0000
127:	0 00 0000 0000 0000
130:	0 00 0000 0000 0000
131:	0 00 0000 0000 0000
132:	0 00 0000 0000 0000
133:	0 00 0000 0000 0000
134:	0 00 0000 0000 0000
135:	0 00 0000 0000 0000
136:	0 00 0000 0000 0000
137:	0 00 0000 0000 0000

100:	[op=50 mod=0] ввод_пред_050                  0013, 7000, 7767
101:	[op=70 mod=0] ввод_исп_070                   7500, 0000, 0035
102:	[op=50 mod=0] ввод_пред_050                  2100, 0000, 0033
103:	[op=70 mod=0] ввод_исп_070                   0020, 0000, 0000
104:	[op=16 mod=0] безусл_пер_упр_с_возв          0105, 7501, 7610
105:	[op=52 mod=0] изм_ра_по_адр                  0020, 0042, 0033
106:	[op=50 mod=0] ввод_пред_050                  2100, 0000, 0033
107:	[op=70 mod=0] ввод_исп_070                   0020, 0000, 0000
110:	[op=77 mod=0] останов_077                    0000, 0000, 0000
111:	[op=77 mod=7] останов_077                    @-1, @-1, @-1
112:	[op=00 mod=0] пересылка                      0000, 0000, 0000
113:	[op=00 mod=0] пересылка                      0000, 0000, 0000
114:	[op=00 mod=0] пересылка                      0000, 0000, 0000
115:	[op=00 mod=0] пересылка                      0000, 0000, 0000
116:	[op=00 mod=0] пересылка                      0000, 0000, 0000
117:	[op=00 mod=0] пересылка                      0000, 0000, 0000
120:	[op=00 mod=0] пересылка                      0000, 0000, 0000
121:	[op=00 mod=0] пересылка                      0000, 0000, 0000
122:	[op=00 mod=0] пересылка                      0000, 0000, 0000
123:	[op=00 mod=0] пересылка                      0000, 0000, 0000
124:	[op=00 mod=0] пересылка                      0000, 0000, 0000
125:	[op=00 mod=0] пересылка                      0000, 0000, 0000
126:	[op=00 mod=0] пересылка                      0000, 0000, 0000
127:	[op=00 mod=0] пересылка                      0000, 0000, 0000
130:	[op=00 mod=0] пересылка                      0000, 0000, 0000
131:	[op=00 mod=0] пересылка                      0000, 0000, 0000
132:	[op=00 mod=0] пересылка                      0000, 0000, 0000
133:	[op=00 mod=0] пересылка                      0000, 0000, 0000
134:	[op=00 mod=0] пересылка                      0000, 0000, 0000
135:	[op=00 mod=0] пересылка                      0000, 0000, 0000
136:	[op=00 mod=0] пересылка                      0000, 0000, 0000
137:	[op=00 mod=0] пересылка                      0000, 0000, 0000

20:	0 00 0000 0000 0000
21:	0 01 4607 3124 1441
22:	0 01 0443 2126 3611
23:	0 02 0000 0126 3611
24:	0 03 0443 2120 0000
25:	0 00 0000 0126 3611
26:	7 21 4607 3124 1441
27:	4 21 4607 3124 1441
30:	1 21 4607 3124 1441
31:	2 21 4607 3124 1441
32:	3 21 4607 3124 1441

35:	0 00 0000 0000 0000
36:	5 33 7736 0762 5717

Start

*** Command time profile stat ***
opcode=00   count=25         times=600.00           avg_time=24.00             (пересылка)
opcode=04   count=4          times=546.00           avg_time=136.50            (делен_о)
opcode=05   count=201        times=13969.50         avg_time=69.50             (умнож_он)
opcode=12   count=120        times=2880.00          avg_time=24.00             (пер_если_ра_мнш_a1)
opcode=13   count=37         times=888.00           avg_time=24.00             (слож_команд)
opcode=14   count=156        times=12420.00         avg_time=79.62             (сдвиг_мант_по_адр)
opcode=15   count=4          times=96.00            avg_time=24.00             (сравн)
opcode=16   count=20         times=480.00           avg_time=24.00             (безусл_пер_упр_с_возв)
opcode=32   count=2          times=48.00            avg_time=24.00             (пер_если_ра_не_менш_a1)
opcode=33   count=174        times=4176.00          avg_time=24.00             (вычит_команд)
opcode=34   count=109        times=3300.00          avg_time=30.28             (сдвиг_мант_по_прдк)
opcode=36   count=91         times=2184.00          avg_time=24.00             (усл_пер_упр_по_w1)
opcode=41   count=120        times=3420.00          avg_time=28.50             (слож_о)
opcode=46   count=81         times=4981.50          avg_time=61.50             (выч_адр_из_прдк)
opcode=50   count=5          times=120.00           avg_time=24.00             (ввод_пред_050)
opcode=51   count=2          times=48.00            avg_time=24.00             (пер_если_ра_мнш_a1_и_w0)
opcode=52   count=69         times=1966.50          avg_time=28.50             (изм_ра_по_адр)
opcode=53   count=30         times=720.00           avg_time=24.00             (слож_коп)
opcode=54   count=13         times=1141.50          avg_time=87.81             (сдвиг_кода_по_адр)
opcode=55   count=171        times=4104.00          avg_time=24.00             (лог_умнож)
opcode=56   count=4          times=96.00            avg_time=24.00             (безусл_пер_упр)
opcode=62   count=30         times=855.00           avg_time=28.50             (вычит)
opcode=70   count=5          times=1320120.03       avg_time=264024.01         (ввод_исп_070)
opcode=71   count=87         times=2088.00          avg_time=24.00             (пер_ра_не_мнш_a1_и_w1)
opcode=72   count=21         times=598.50           avg_time=28.50             (изм_ра_по_коду)
opcode=74   count=2          times=84.00            avg_time=42.00             (сдвиг_кода_по_прдк)
opcode=76   count=204        times=4896.00          avg_time=24.00             (усл_пер_упр_по_w0)
opcode=77   count=1          times=24.00            avg_time=24.00             (останов_077)
Summary:  times=1386850.53  count=1788  avg_time=775.64
**********

is2_test_0010.simh-45> run

Останов, KRA: 0110 ([op=77 mod=0] останов_077                    0000, 0000, 0000)
M-20 event queue empty, time = 1386851, executing 50000 instructios/sec
Time:	1386851
35:	5 33 7736 1054 5717

100:	0 50 0013 7000 7767
101:	0 70 7500 0000 0035
102:	0 50 2100 0000 0033
103:	0 70 0020 0000 0000
104:	0 16 0105 7477 7610
105:	0 52 0020 0042 0033
106:	0 50 2100 0000 0033
107:	0 70 0020 0000 0000
110:	0 77 0000 0000 0000
111:	7 77 7777 7777 7777
112:	0 00 0000 0000 0000
113:	0 00 0000 0000 0000
114:	0 00 0000 0000 0000
115:	0 00 0000 0000 0000
116:	0 00 0000 0000 0000
117:	0 00 0000 0000 0000
120:	0 00 0000 0000 0000
121:	0 00 0000 0000 0000
122:	0 00 0000 0000 0000
123:	0 00 0000 0000 0000
124:	0 00 0000 0000 0000
125:	0 00 0000 0000 0000
126:	0 00 0000 0000 0000
127:	0 00 0000 0000 0000
130:	0 00 0000 0000 0000
131:	0 00 0000 0000 0000
132:	0 00 0000 0000 0000
133:	0 00 0000 0000 0000
134:	0 00 0000 0000 0000
135:	0 00 0000 0000 0000
136:	0 00 0000 0000 0000
137:	0 00 0000 0000 0000

100:	[op=50 mod=0] ввод_пред_050                  0013, 7000, 7767
101:	[op=70 mod=0] ввод_исп_070                   7500, 0000, 0035
102:	[op=50 mod=0] ввод_пред_050                  2100, 0000, 0033
103:	[op=70 mod=0] ввод_исп_070                   0020, 0000, 0000
104:	[op=16 mod=0] безусл_пер_упр_с_возв          0105, 7477, 7610
105:	[op=52 mod=0] изм_ра_по_адр                  0020, 0042, 0033
106:	[op=50 mod=0] ввод_пред_050                  2100, 0000, 0033
107:	[op=70 mod=0] ввод_исп_070                   0020, 0000, 0000
110:	[op=77 mod=0] останов_077                    0000, 0000, 0000
111:	[op=77 mod=7] останов_077                    @-1, @-1, @-1
112:	[op=00 mod=0] пересылка                      0000, 0000, 0000
113:	[op=00 mod=0] пересылка                      0000, 0000, 0000
114:	[op=00 mod=0] пересылка                      0000, 0000, 0000
115:	[op=00 mod=0] пересылка                      0000, 0000, 0000
116:	[op=00 mod=0] пересылка                      0000, 0000, 0000
117:	[op=00 mod=0] пересылка                      0000, 0000, 0000
120:	[op=00 mod=0] пересылка                      0000, 0000, 0000
121:	[op=00 mod=0] пересылка                      0000, 0000, 0000
122:	[op=00 mod=0] пересылка                      0000, 0000, 0000
123:	[op=00 mod=0] пересылка                      0000, 0000, 0000
124:	[op=00 mod=0] пересылка                      0000, 0000, 0000
125:	[op=00 mod=0] пересылка                      0000, 0000, 0000
126:	[op=00 mod=0] пересылка                      0000, 0000, 0000
127:	[op=00 mod=0] пересылка                      0000, 0000, 0000
130:	[op=00 mod=0] пересылка                      0000, 0000, 0000
131:	[op=00 mod=0] пересылка                      0000, 0000, 0000
132:	[op=00 mod=0] пересылка                      0000, 0000, 0000
133:	[op=00 mod=0] пересылка                      0000, 0000, 0000
134:	[op=00 mod=0] пересылка                      0000, 0000, 0000
135:	[op=00 mod=0] пересылка                      0000, 0000, 0000
136:	[op=00 mod=0] пересылка                      0000, 0000, 0000
137:	[op=00 mod=0] пересылка                      0000, 0000, 0000

0:	0 00 0000 0000 0000
1:	0 52 0000 0033 0000
2:	0 52 0000 0020 0000
3:	0 75 6314 6314 6314

20:	0 00 0000 0000 0000
21:	1 04 4740 3122 1310
22:	1 01 4740 3122 0540
23:	0 71 5641 3020 7070
24:	1 07 7556 3146 3210
25:	0 62 7343 0271 3530
26:	6 34 5333 7777 0360
27:	5 45 5577 3407 1230
30:	0 34 5333 7777 0360
31:	3 45 5577 3407 1230
32:	2 34 5333 7777 0360

35:	5 33 7736 1054 5717
36:	5 33 7736 0762 5717

Goodbye
Debug output disabled
