
M-20 simulator V4.0-0 Beta        git commit id: c317f685
Debug output to "is2_test_0015_debug.txt"
LPT: creating new file
100:	0 50 0013 7000 7767
101:	0 70 7500 0000 0000
102:	0 52 0000 0000 0000
103:	0 00 0000 0000 0031
104:	4 07 7500 0031 0031
105:	1 12 0267 0104 0001
106:	0 52 0000 0000 0000
107:	0 16 0110 7501 7610
110:	0 52 0020 0043 0025
111:	0 77 0000 0000 0000
112:	7 77 7777 7777 7777
113:	0 00 0000 0000 0000
114:	0 00 0000 0000 0000
115:	0 00 0000 0000 0000
116:	0 00 0000 0000 0000
117:	0 00 0000 0000 0000
120:	0 00 0000 0000 0000
121:	0 00 0000 0000 0000
122:	0 00 0000 0000 0000
123:	0 00 0000 0000 0000
124:	0 00 0000 0000 0000
125:	0 00 0000 0000 0000
126:	0 00 0000 0000 0000
127:	0 00 0000 0000 0000

100:	[op=50 mod=0] ввод_пред_050                  0013, 7000, 7767
101:	[op=70 mod=0] ввод_исп_070                   7500, 0000, 0000
102:	[op=52 mod=0] изм_ра_по_адр                  0000, 0000, 0000
103:	[op=00 mod=0] пересылка                      0000, 0000, 0031
104:	[op=07 mod=4] цикл_слож                      @+7500, 0031, 0031
105:	[op=12 mod=1] пер_если_ра_мнш_a1             0267, 0104, @+0001
106:	[op=52 mod=0] изм_ра_по_адр                  0000, 0000, 0000
107:	[op=16 mod=0] безусл_пер_упр_с_возв          0110, 7501, 7610
110:	[op=52 mod=0] изм_ра_по_адр                  0020, 0043, 0025
111:	[op=77 mod=0] останов_077                    0000, 0000, 0000
112:	[op=77 mod=7] останов_077                    @-1, @-1, @-1
113:	[op=00 mod=0] пересылка                      0000, 0000, 0000
114:	[op=00 mod=0] пересылка                      0000, 0000, 0000
115:	[op=00 mod=0] пересылка                      0000, 0000, 0000
116:	[op=00 mod=0] пересылка                      0000, 0000, 0000
117:	[op=00 mod=0] пересылка                      0000, 0000, 0000
120:	[op=00 mod=0] пересылка                      0000, 0000, 0000
121:	[op=00 mod=0] пересылка                      0000, 0000, 0000
122:	[op=00 mod=0] пересылка                      0000, 0000, 0000
123:	[op=00 mod=0] пересылка                      0000, 0000, 0000
124:	[op=00 mod=0] пересылка                      0000, 0000, 0000
125:	[op=00 mod=0] пересылка                      0000, 0000, 0000
126:	[op=00 mod=0] пересылка                      0000, 0000, 0000
127:	[op=00 mod=0] пересылка                      0000, 0000, 0000

20:	3 05 5700 0000 0000
21:	1 04 7311 7676 3555
22:	0 75 7715 1532 4130
23:	0 75 7715 3351 5635
24:	1 00 0000 0000 0000
25:	1 20 5532 2000 0000

30:	5 33 7736 0762 5717
31:	0 00 0000 0000 0000

Start

*** Command time profile stat ***
opcode=00   count=8          times=192.00           avg_time=24.00             (пересылка)
opcode=05   count=46         times=3197.00          avg_time=69.50             (умнож_он)
opcode=06   count=7          times=430.50           avg_time=61.50             (слож_прдк_с_адр)
opcode=07   count=184        times=4416.00          avg_time=24.00             (цикл_слож)
opcode=12   count=247        times=5928.00          avg_time=24.00             (пер_если_ра_мнш_a1)
opcode=13   count=104        times=2496.00          avg_time=24.00             (слож_команд)
opcode=14   count=223        times=17746.50         avg_time=79.58             (сдвиг_мант_по_адр)
opcode=15   count=10         times=240.00           avg_time=24.00             (сравн)
opcode=16   count=20         times=480.00           avg_time=24.00             (безусл_пер_упр_с_возв)
opcode=31   count=12         times=288.00           avg_time=24.00             (пер_если_ра_не_менш_a1_и_w1)
opcode=32   count=14         times=336.00           avg_time=24.00             (пер_если_ра_не_менш_a1)
opcode=33   count=217        times=5208.00          avg_time=24.00             (вычит_команд)
opcode=34   count=55         times=1680.00          avg_time=30.55             (сдвиг_мант_по_прдк)
opcode=36   count=112        times=2688.00          avg_time=24.00             (усл_пер_упр_по_w1)
opcode=41   count=29         times=826.50           avg_time=28.50             (слож_о)
opcode=47   count=54         times=1296.00          avg_time=24.00             (вывод_мл_разрядов)
opcode=50   count=4          times=96.00            avg_time=24.00             (ввод_пред_050)
opcode=51   count=30         times=720.00           avg_time=24.00             (пер_если_ра_мнш_a1_и_w0)
opcode=52   count=65         times=1852.50          avg_time=28.50             (изм_ра_по_адр)
opcode=53   count=42         times=1008.00          avg_time=24.00             (слож_коп)
opcode=54   count=1          times=79.50            avg_time=79.50             (сдвиг_кода_по_адр)
opcode=55   count=57         times=1368.00          avg_time=24.00             (лог_умнож)
opcode=56   count=4          times=96.00            avg_time=24.00             (безусл_пер_упр)
opcode=62   count=42         times=1197.00          avg_time=28.50             (вычит)
opcode=65   count=54         times=3753.00          avg_time=69.50             (умнож)
opcode=70   count=4          times=420096.04        avg_time=105024.01         (ввод_исп_070)
opcode=71   count=1          times=24.00            avg_time=24.00             (пер_ра_не_мнш_a1_и_w1)
opcode=72   count=9          times=256.50           avg_time=28.50             (изм_ра_по_коду)
opcode=74   count=2          times=84.00            avg_time=42.00             (сдвиг_кода_по_прдк)
opcode=75   count=6          times=144.00           avg_time=24.00             (лог_слож)
opcode=76   count=258        times=6192.00          avg_time=24.00             (усл_пер_упр_по_w0)
opcode=77   count=1          times=24.00            avg_time=24.00             (останов_077)
Summary:  times=484439.04  count=1922  avg_time=252.05
**********

is2_test_0015.simh-42> run

Останов, KRA: 0111 ([op=77 mod=0] останов_077                    0000, 0000, 0000)
M-20 event queue empty, time = 484440, executing 50000 instructios/sec
Time:	484440
30:	5 33 7736 0762 5717
31:	5 33 7736 1054 5717

100:	0 50 0013 7000 7767
101:	0 70 7500 0000 0000
102:	0 52 0000 0000 0000
103:	0 00 0000 0000 0031
104:	4 07 7500 0031 0031
105:	1 12 0267 0104 0001
106:	0 52 0000 0000 0000
107:	0 16 0110 7477 7610
110:	0 52 0020 0043 0025
111:	0 77 0000 0000 0000
112:	7 77 7777 7777 7777
113:	0 00 0000 0000 0000
114:	0 00 0000 0000 0000
115:	0 00 0000 0000 0000
116:	0 00 0000 0000 0000
117:	0 00 0000 0000 0000
120:	0 00 0000 0000 0000
121:	0 00 0000 0000 0000
122:	0 00 0000 0000 0000
123:	0 00 0000 0000 0000
124:	0 00 0000 0000 0000
125:	0 00 0000 0000 0000
126:	0 00 0000 0000 0000
127:	0 00 0000 0000 0000

100:	[op=50 mod=0] ввод_пред_050                  0013, 7000, 7767
101:	[op=70 mod=0] ввод_исп_070                   7500, 0000, 0000
102:	[op=52 mod=0] изм_ра_по_адр                  0000, 0000, 0000
103:	[op=00 mod=0] пересылка                      0000, 0000, 0031
104:	[op=07 mod=4] цикл_слож                      @+7500, 0031, 0031
105:	[op=12 mod=1] пер_если_ра_мнш_a1             0267, 0104, @+0001
106:	[op=52 mod=0] изм_ра_по_адр                  0000, 0000, 0000
107:	[op=16 mod=0] безусл_пер_упр_с_возв          0110, 7477, 7610
110:	[op=52 mod=0] изм_ра_по_адр                  0020, 0043, 0025
111:	[op=77 mod=0] останов_077                    0000, 0000, 0000
112:	[op=77 mod=7] останов_077                    @-1, @-1, @-1
113:	[op=00 mod=0] пересылка                      0000, 0000, 0000
114:	[op=00 mod=0] пересылка                      0000, 0000, 0000
115:	[op=00 mod=0] пересылка                      0000, 0000, 0000
116:	[op=00 mod=0] пересылка                      0000, 0000, 0000
117:	[op=00 mod=0] пересылка                      0000, 0000, 0000
120:	[op=00 mod=0] пересылка                      0000, 0000, 0000
121:	[op=00 mod=0] пересылка                      0000, 0000, 0000
122:	[op=00 mod=0] пересылка                      0000, 0000, 0000
123:	[op=00 mod=0] пересылка                      0000, 0000, 0000
124:	[op=00 mod=0] пересылка                      0000, 0000, 0000
125:	[op=00 mod=0] пересылка                      0000, 0000, 0000
126:	[op=00 mod=0] пересылка                      0000, 0000, 0000
127:	[op=00 mod=0] пересылка                      0000, 0000, 0000

0:	0 00 0000 0000 0000
1:	0 52 0000 0025 0000
2:	0 52 0000 0020 0000
3:	0 52 0000 0000 0025

20:	2 02 1065 0000 0000
21:	0 02 0507 4220 0000
22:	1 00 0443 2120 0000
23:	1 00 0443 2126 3611
24:	5 00 0000 0000 0000
25:	0 05 2145 0000 0000

Goodbye
Debug output disabled
