
M-20 simulator V4.0-0 Beta        git commit id: c317f685
Debug output to "is2_test_0008_debug.txt"
LPT: creating new file
100:	0 50 0013 7000 7767
101:	0 70 7500 0000 0000
102:	0 52 0000 0000 0000
103:	0 00 0000 0000 0031
104:	4 07 7500 0031 0031
105:	1 12 0267 0104 0001
106:	0 00 0020 0000 0040
107:	0 52 0000 0000 0000
110:	0 50 2100 0000 0040
111:	0 70 0040 0000 0000
112:	0 50 2100 0000 0025
113:	0 70 0025 0000 0000
114:	0 16 0115 7501 7610
115:	0 75 0040 0001 0025
116:	0 50 2100 0000 0001
117:	0 70 0001 0000 0000
120:	0 01 0040 0021 0040
121:	1 12 0011 0110 0001
122:	0 77 0000 0000 0000
123:	7 77 7777 7777 7777
124:	0 00 0000 0000 0000
125:	0 00 0000 0000 0000
126:	0 00 0000 0000 0000
127:	0 00 0000 0000 0000

100:	[op=50 mod=0] ввод_пред_050                  0013, 7000, 7767
101:	[op=70 mod=0] ввод_исп_070                   7500, 0000, 0000
102:	[op=52 mod=0] изм_ра_по_адр                  0000, 0000, 0000
103:	[op=00 mod=0] пересылка                      0000, 0000, 0031
104:	[op=07 mod=4] цикл_слож                      @+7500, 0031, 0031
105:	[op=12 mod=1] пер_если_ра_мнш_a1             0267, 0104, @+0001
106:	[op=00 mod=0] пересылка                      0020, 0000, 0040
107:	[op=52 mod=0] изм_ра_по_адр                  0000, 0000, 0000
110:	[op=50 mod=0] ввод_пред_050                  2100, 0000, 0040
111:	[op=70 mod=0] ввод_исп_070                   0040, 0000, 0000
112:	[op=50 mod=0] ввод_пред_050                  2100, 0000, 0025
113:	[op=70 mod=0] ввод_исп_070                   0025, 0000, 0000
114:	[op=16 mod=0] безусл_пер_упр_с_возв          0115, 7501, 7610
115:	[op=75 mod=0] лог_слож                       0040, 0001, 0025
116:	[op=50 mod=0] ввод_пред_050                  2100, 0000, 0001
117:	[op=70 mod=0] ввод_исп_070                   0001, 0000, 0000
120:	[op=01 mod=0] слож_он                        0040, 0021, 0040
121:	[op=12 mod=1] пер_если_ра_мнш_a1             0011, 0110, @+0001
122:	[op=77 mod=0] останов_077                    0000, 0000, 0000
123:	[op=77 mod=7] останов_077                    @-1, @-1, @-1
124:	[op=00 mod=0] пересылка                      0000, 0000, 0000
125:	[op=00 mod=0] пересылка                      0000, 0000, 0000
126:	[op=00 mod=0] пересылка                      0000, 0000, 0000
127:	[op=00 mod=0] пересылка                      0000, 0000, 0000

20:	0 75 6314 6314 6315
21:	0 75 6314 6314 6315
22:	1 00 0000 0000 0000
23:	0 00 0000 0000 0000
24:	0 00 0000 0000 0000
25:	1 02 4000 0000 0000

30:	5 33 7736 0762 5717
31:	0 00 0000 0000 0000

Start

*** Command time profile stat ***
opcode=00   count=3          times=72.00            avg_time=24.00             (пересылка)
opcode=01   count=130        times=3705.00          avg_time=28.50             (слож_он)
opcode=02   count=30         times=855.00           avg_time=28.50             (вычит_он)
opcode=04   count=10         times=1365.00          avg_time=136.50            (делен_о)
opcode=05   count=186        times=12927.00         avg_time=69.50             (умнож_он)
opcode=06   count=20         times=1230.00          avg_time=61.50             (слож_прдк_с_адр)
opcode=07   count=184        times=4416.00          avg_time=24.00             (цикл_слож)
opcode=12   count=334        times=8016.00          avg_time=24.00             (пер_если_ра_мнш_a1)
opcode=13   count=60         times=1440.00          avg_time=24.00             (слож_команд)
opcode=14   count=207        times=16636.50         avg_time=80.37             (сдвиг_мант_по_адр)
opcode=15   count=4          times=96.00            avg_time=24.00             (сравн)
opcode=16   count=137        times=3288.00          avg_time=24.00             (безусл_пер_упр_с_возв)
opcode=22   count=36         times=1026.00          avg_time=28.50             (вычит_н)
opcode=26   count=10         times=240.00           avg_time=24.00             (слож_прдк_с_прдк)
opcode=32   count=20         times=480.00           avg_time=24.00             (пер_если_ра_не_менш_a1)
opcode=33   count=173        times=4152.00          avg_time=24.00             (вычит_команд)
opcode=34   count=1          times=60.00            avg_time=60.00             (сдвиг_мант_по_прдк)
opcode=36   count=100        times=2400.00          avg_time=24.00             (усл_пер_упр_по_w1)
opcode=41   count=18         times=513.00           avg_time=28.50             (слож_о)
opcode=42   count=10         times=285.00           avg_time=28.50             (вычит_о)
opcode=50   count=33         times=792.00           avg_time=24.00             (ввод_пред_050)
opcode=51   count=2          times=48.00            avg_time=24.00             (пер_если_ра_мнш_a1_и_w0)
opcode=52   count=44         times=1254.00          avg_time=28.50             (изм_ра_по_адр)
opcode=53   count=44         times=1056.00          avg_time=24.00             (слож_коп)
opcode=54   count=21         times=2389.50          avg_time=113.79            (сдвиг_кода_по_адр)
opcode=55   count=80         times=1920.00          avg_time=24.00             (лог_умнож)
opcode=56   count=13         times=312.00           avg_time=24.00             (безусл_пер_упр)
opcode=62   count=35         times=997.50           avg_time=28.50             (вычит)
opcode=66   count=10         times=240.00           avg_time=24.00             (вычит_прдк_из_прдк)
opcode=70   count=33         times=1620792.04       avg_time=49114.91          (ввод_исп_070)
opcode=72   count=44         times=1254.00          avg_time=28.50             (изм_ра_по_коду)
opcode=74   count=2          times=84.00            avg_time=42.00             (сдвиг_кода_по_прдк)
opcode=75   count=20         times=480.00           avg_time=24.00             (лог_слож)
opcode=76   count=254        times=6096.00          avg_time=24.00             (усл_пер_упр_по_w0)
opcode=77   count=1          times=24.00            avg_time=24.00             (останов_077)
Summary:  times=1700941.54  count=2309  avg_time=736.66
**********

is2_test_0008.simh-43> run

ќстанов, KRA: 0122 ([op=77 mod=0] останов_077                    0000, 0000, 0000)
M-20 event queue empty, time = 1700942, executing 50000 instructios/sec
Time:	1700942
30:	5 33 7736 0762 5717
31:	5 33 7736 1054 5717

100:	0 50 0013 7000 7767
101:	0 70 7500 0000 0000
102:	0 52 0000 0000 0000
103:	0 00 0000 0000 0031
104:	4 07 7500 0031 0031
105:	1 12 0267 0104 0001
106:	0 00 0020 0000 0040
107:	0 52 0000 0000 0000
110:	0 50 2100 0000 0040
111:	0 70 0040 0000 0000
112:	0 50 2100 0000 0025
113:	0 70 0025 0000 0000
114:	0 16 0115 7477 7610
115:	0 75 0040 0001 0025
116:	0 50 2100 0000 0001
117:	0 70 0001 0000 0000
120:	0 01 0040 0021 0040
121:	1 12 0011 0110 0001
122:	0 77 0000 0000 0000
123:	7 77 7777 7777 7777
124:	0 00 0000 0000 0000
125:	0 00 0000 0000 0000
126:	0 00 0000 0000 0000
127:	0 00 0000 0000 0000

100:	[op=50 mod=0] ввод_пред_050                  0013, 7000, 7767
101:	[op=70 mod=0] ввод_исп_070                   7500, 0000, 0000
102:	[op=52 mod=0] изм_ра_по_адр                  0000, 0000, 0000
103:	[op=00 mod=0] пересылка                      0000, 0000, 0031
104:	[op=07 mod=4] цикл_слож                      @+7500, 0031, 0031
105:	[op=12 mod=1] пер_если_ра_мнш_a1             0267, 0104, @+0001
106:	[op=00 mod=0] пересылка                      0020, 0000, 0040
107:	[op=52 mod=0] изм_ра_по_адр                  0000, 0000, 0000
110:	[op=50 mod=0] ввод_пред_050                  2100, 0000, 0040
111:	[op=70 mod=0] ввод_исп_070                   0040, 0000, 0000
112:	[op=50 mod=0] ввод_пред_050                  2100, 0000, 0025
113:	[op=70 mod=0] ввод_исп_070                   0025, 0000, 0000
114:	[op=16 mod=0] безусл_пер_упр_с_возв          0115, 7477, 7610
115:	[op=75 mod=0] лог_слож                       0040, 0001, 0025
116:	[op=50 mod=0] ввод_пред_050                  2100, 0000, 0001
117:	[op=70 mod=0] ввод_исп_070                   0001, 0000, 0000
120:	[op=01 mod=0] слож_он                        0040, 0021, 0040
121:	[op=12 mod=1] пер_если_ра_мнш_a1             0011, 0110, @+0001
122:	[op=77 mod=0] останов_077                    0000, 0000, 0000
123:	[op=77 mod=7] останов_077                    @-1, @-1, @-1
124:	[op=00 mod=0] пересылка                      0000, 0000, 0000
125:	[op=00 mod=0] пересылка                      0000, 0000, 0000
126:	[op=00 mod=0] пересылка                      0000, 0000, 0000
127:	[op=00 mod=0] пересылка                      0000, 0000, 0000

0:	0 00 0000 0000 0000
1:	1 01 4000 0000 0000
2:	1 01 4000 0000 0000
3:	0 00 0000 0000 0000

20:	0 75 6314 6314 6315
21:	0 75 6314 6314 6315
22:	1 00 0000 0000 0000
23:	0 00 0000 0000 0000
24:	0 00 0000 0000 0000
25:	1 02 4000 0000 0000

Goodbye
Debug output disabled
